✔ Responses definitions have strict, complete object schemas (2.337067ms)
✔ navigation rejects excessive distance and out-of-world coordinates before movement (1.712933ms)
✔ navigation disables terrain modification and verifies actual arrival (43.415612ms)
✔ abort drains an in-flight equipment operation and prevents later item use (2.412348ms)
✔ already aborted actions never mutate equipment (0.433671ms)
✔ build validates every occupied location before placing any block (0.603553ms)
✔ build does not conjure materials and verifies server placement (205.5982ms)
✔ unsupported floating build reports incomplete without pretending success (0.836057ms)
✔ placing a torch accepts its server-selected wall variant (100.773261ms)
✔ craft interprets count as output units, not recipe repetitions (1.54177ms)
✔ craft waits for server inventory reconciliation before choosing another batch (2.807592ms)
✔ craft finds an adjacent table across a diagonal chunk boundary (0.714147ms)
✔ real crafting path synchronizes every cursor/grid/output click and preserves leftover ingredients (1308.7611ms)
✔ mining refuses blocks whose drops require an unavailable tool (1.308015ms)
✔ mining distinguishes mined blocks from inventory collection (601.641667ms)
✔ collection filters enclosed stone before the 128-candidate cap (608.290382ms)
✔ collection rejects enclosed or unloaded faces without attempting a path (0.950065ms)
✔ collection bounds matching-block inspection and reports an incomplete search (14.298499ms)
✔ collection keeps exposed candidates found before its scan budget is exhausted (611.710725ms)
✔ collection propagates cancellation during candidate scanning (0.807173ms)
✔ mining prefers harvest eligibility over an unsuitable faster golden tool (602.46081ms)
✔ dig_at removes only the specified block and verifies resulting inventory (350.656331ms)
✔ dig_at refuses support removal, liquid exposure, and overhead falling blocks (0.71659ms)
✔ pickup projects falling drops onto reachable ground (205.636691ms)
✔ give supports an exact visible Bedrock username with a prefix and space (104.37962ms)
✔ combat rejects players before any attack (0.676721ms)
✔ sleep refuses dimensions where beds explode (0.192415ms)
✔ smelt refuses occupied furnace and leaves existing items alone (0.592707ms)
✔ smelt synchronizes partial input/fuel stacks and verifies actual output transfer (1709.384229ms)
✔ use_item accepts existing yaw outside the negative-pi to pi interval (2.108058ms)
✔ direct stop interrupts a held bow without releasing an unintended arrow (0.636612ms)
✔ block-face navigation measures elevated supports from player eyes and rejects obstructions (0.599457ms)
✔ pickup refuses an item with no validated standing cell (454.729718ms)
✔ pickup disappearance is not fabricated as inventory gain (203.356803ms)
✔ collection considers level ground beyond the nearest 128 deep exposed targets (608.666236ms)
✔ craft rejects missing ingredients before traveling to a distant table (0.725893ms)
✔ collection prefers supported drop landings over a closer ledge (602.246941ms)
✔ craft checks prospective table recipes before placing a carried table (0.665805ms)
✔ collection failure budget resets when a block is successfully harvested (905.04498ms)
✔ pickup can use a diagonal grass-covered landing without terrain modification (204.450385ms)
✔ craft uses a carried table locally instead of traveling to a distant duplicate (102.153887ms)
✔ pickup does not treat hazardous empty-collision blocks as standing space (2274.670964ms)
✔ pickup aims at the drop rather than a nearer but out-of-reach standing cell (203.9398ms)
✔ collection honors bounded caller exclusions before selecting a target (601.669693ms)
✔ job movement boundary filters collection targets and constrains path nodes (605.608985ms)
✔ mining protects support under the full player footprint at a block edge (0.410567ms)
✔ targeted clearing refuses a block that no longer matches the observed type (0.206876ms)
✔ return anchor permits a neighboring supported cell but never a two-block shortcut (2.811779ms)
✔ wood collection prefers a reachable upper trunk over a distant supported tree base (602.231118ms)
✔ nearby hostiles remain visible when dropped items crowd the observation cap (0.788186ms)
✔ collection stops harvesting and pursuing when its shared planning budget is exhausted (304.992362ms)
✔ pickup gives a farther item a turn before retrying the closest blocked item (353.884197ms)
✔ pickup stops on cumulative planning exhaustion after fairly rotating targets and cells (605.979977ms)
✔ mining refuses a waterlogged target even when surrounding blocks are dry (0.441643ms)
✔ scoped pickup ignores unrelated drops and an empty target list does not move (205.176533ms)
✔ starter movement avoids water while ordinary direct movement keeps its original policy (2.875673ms)
✔ actual starter neighbor generation rejects water, aquatic plants and waterlogged standing cells (37.792567ms)
✔ craft chooses a visible nearby table instead of a closer obstructed one (0.478538ms)
✔ craft places a carried table locally when the nearby existing table is obstructed (101.512896ms)
✔ pickup accepts zero-shape snow cover but refuses raised snow as an integer standing cell (659.130343ms)
✔ harvesting refuses an adjacent waterlogged block before digging (0.739274ms)
✔ harvesting rejects water-bearing plants and bubble columns beside a target (0.615741ms)
✔ experimental descent refuses low health before touching terrain (0.592006ms)
✔ experimental descent refuses an ungrounded start without mining (4.1445ms)
✔ benchmark report preserves failures and missing scheduled cases in the denominator (1.800994ms)
✔ benchmark report rejects mixed sources, retries, dirty source and different time limits (0.950195ms)
✔ benchmark report verifies the actual kit and return instead of trusting the pass flag (0.431138ms)
✔ complete same-revision suite reports its measured count without an intelligence score (0.242588ms)
✔ AI executes one bounded action and passes observed result to next decision (12.668388ms)
✔ invalid model JSON, incomplete responses and concurrent calls never execute actions (1.684541ms)
✔ budget refuses requests before spending and failed requests retain reservations (0.688739ms)
✔ stop aborts pending API and prevents a late tool action (0.558586ms)
✔ repeated identical action failures pause rather than loop indefinitely (3.84014ms)
✔ explicit ongoing goals require a tool and cannot finish on a planning sentence (0.62218ms)
✔ corrupt saved usage fails closed instead of silently bypassing budget comparisons (0.872241ms)
✔ returned no-progress partial and blocked outcomes stop before a third identical execution (13.623311ms)
✔ JSON key order cannot bypass the repeated failure guard (2.735636ms)
✔ changing arguments cannot sustain a no-progress loop (3.465576ms)
✔ read-only results, chat and ambient snapshot changes do not reset failed retries (6.89604ms)
✔ partial mining with real progress can continue and completion checks actual inventory (6.220301ms)
✔ mining progress does not prove the requested items were picked up (6.71354ms)
✔ observed progress permits recovery after prior failures (11.85828ms)
✔ thrown and returned failures share the same retry budget (8.435157ms)
✔ unsupported completion claims cannot complete an empty inventory goal or leak into speech (8.142504ms)
✔ planner can recover from a rejected completion claim (9.007873ms)
✔ completion checks a fresh snapshot after the model response (9.270001ms)
✔ supported goals cannot bypass verification with a text-only reply (0.502944ms)
✔ ordinary conversation still replies without an action (0.52032ms)
✔ compound goals and unrecognized wording are explicitly unverified, not falsely failed inventory checks (0.592696ms)
✔ honest blocked reports are still accepted immediately (0.223301ms)
✔ dimension objectives require the actual destination dimension (5.975538ms)
✔ dragon completion requires a death observation, never readiness, disappearance or saved memory (5.599903ms)
✔ current-goal dragon death evidence survives bounded model history but not a new goal (20.331342ms)
✔ actual pickup and dragon blocked result contracts hit the retry cap (15.650249ms)
✔ partial pickups and combat movement remain eligible for recovery (12.567739ms)
✔ proposes an observed one-leaf descent with a real bidirectional home route (140.209367ms)
✔ refuses a landing with no support or disconnected home (42.89636ms)
✔ refuses relaxed movement, airborne starts and exhausted planning budgets (13.228297ms)
✔ cancelled planning fails before changing the world (8.73546ms)
✔ standalone return corridor rejects waterlogged non-leaf stairs (26.310897ms)
✔ descent rechecks stage after equipping and never digs from a drifting pose (28.196176ms)
✔ cancelling descent during mining stops digging and drains the action (25.458385ms)
✔ descent refuses departure if mining invalidates the home support (23.242539ms)
✔ descent revalidates non-leaf corridor geometry after the equip await (23.182801ms)
✔ recorded grass-corner contact clips inward movement instead of penetrating a solid block (1.333692ms)
✔ near-contact tolerance preserves real overlap, separation, outward and tangential motion on every axis (1.108209ms)
✔ simulation adapter is version-scoped, idempotent and restores original methods on return and error (0.831059ms)
✔ nested synchronous simulations restore their entry-time wrappers (0.328866ms)
✔ actual client simulation no longer predicts a sprint through the recorded grass corner (238.248729ms)
✔ partial adapter installation failure restores methods already replaced (0.307635ms)
✔ collision prediction leaves a conservative margin without changing step height (3.069941ms)
✔ collision margin preserves custom dimensions and untested versions (1.470936ms)
✔ action initialization configures the same physics object used by the navigator (0.643282ms)
✔ specific full-cube attachment face is visible from each outward side (1.918067ms)
✔ a visible reference does not authorize its hidden underside (0.14193ms)
✔ an intervening block rejects the requested face (0.166707ms)
✔ placement reach and malformed faces fail closed (0.155901ms)
✔ partial collision shapes and missing raycasts fail closed (0.145045ms)
✔ retained leaf support needs a concrete log within six leaf steps (1.25716ms)
✔ removing a connector or the anchor invalidates the corridor support (0.168699ms)
✔ leaf proof is bounded and refuses waterlogged or unknown floors (0.135089ms)
✔ real canopy supports retain verified anchors across every four-dig prefix (13.022442ms)
✔ config rejects malformed ports/budgets and never exposes key in public state (1.729929ms)
✔ owner chat gating rejects untrusted players and unaddressed messages (0.349537ms)
✔ commands distinguish named players, waypoints and AI goals (8.489748ms)
✔ memory persists dimension-qualified waypoints and protects object keys (2.864227ms)
✔ stop retains action lock until actual inventory operation drains (2.153365ms)
✔ external cancellation releases controls and prevents new work until drained (0.411298ms)
✔ clearing a path preserves the stop reason instead of surfacing GoalChanged (3.344076ms)
✔ a dead connection can be retired without its late cancellation stopping a replacement (0.81824ms)
✔ dashboard offers offline starter without requiring an API key (27.148486ms)
✔ starter resume is available only when paused or blocked and idle (2.315225ms)
✔ starter checklist reads current inventory and never infers completion from tools alone (1.132975ms)
✔ failed commands keep the draft and duplicate submissions are ignored (1.337689ms)
✔ successful submission preserves a newer draft typed while sending (1.04115ms)
✔ saved canopy geometry exposes the missed later-log leaf and a reversible newly opened cell (159.504046ms)
✔ launcher checks the actual minimum supported Node version (1.76441ms)
✔ first launch installs locked dependencies and runs interactive setup before play (3.755655ms)
✔ launcher stops after install failure and never starts the server (0.507301ms)
✔ Windows launcher invokes npm.cmd with fixed arguments and preserves a spaced working directory (0.604154ms)
✔ preflight rejects one-way descent without changing movement or the active goal (2.473789ms)
✔ a verified round trip returns the exact endpoint and preserves safety (0.32444ms)
✔ partial and timed-out searches never certify returnability (10.794216ms)
✔ cancel during planning stops before travel and closes the generator (2.467369ms)
✔ terrain-modifying routes are refused even if a planner returns success (0.355486ms)
✔ specific item acquisition promptly ends pursuit and removes all listeners (0.686505ms)
✔ item disappearance ends pursuit but does not claim inventory acquisition (0.788045ms)
✔ another player collecting a different item cannot cancel pursuit (0.25705ms)
✔ stuck successful replans are bounded locally (20.599594ms)
✔ movement cannot evade the overall pickup attempt deadline (22.057696ms)
✔ abort releases listeners and goal; replacement goals are never cleared (0.847644ms)
✔ walking timeout releases its movement and event listeners (11.373462ms)
✔ walking arrival is verified and never clears a replacement goal (0.79132ms)
✔ walking abort and no-path stop promptly without claiming arrival (1.429254ms)
✔ fixed pickup endpoint rejects an isolated reverse component before forward search (0.427362ms)
✔ fixed pickup endpoint requires both reverse and forward routes under unchanged movement rules (0.319202ms)
✔ reverse success cannot hide forward failure or a mismatched endpoint (0.574069ms)
✔ fixed endpoint timeouts and terrain edits remain unknown or unsafe, never success (0.445849ms)
✔ fixed endpoint must satisfy its exact goal before planning begins (0.19584ms)
✔ bounded resource phrases map to exact offline collection actions (2.65024ms)
✔ crafting phrases use exact owned-inventory actions (0.287305ms)
✔ ambiguous, compound, negated and explicit AI requests never become offline actions (0.560389ms)
✔ recognized phrases reject unreasonable amounts rather than falling through to paid AI (0.529203ms)
✔ English plural torches stays offline and retains the count boundary (0.381895ms)
✔ modern oxygen comes from our entity, never another mob changing the shared field (5.704798ms)
✔ legacy oxygen retains self-filtered breath handling and unknown values remain unknown (0.252073ms)
✔ saved transit pockets produce a visible ordinary clearance without changing world or actor state (199.159737ms)
✔ transit probing fails closed on resource/time exhaustion, missing entities and unsafe movement modes (8.818654ms)
✔ transit probing refuses unseen blocks and hazardous edits (18.741091ms)
✔ an already open route needs no additional excavation (23.770796ms)
✔ a visible single edit that only permits one-way travel is rejected (265.023608ms)
✔ transit clearance refuses adjacent liquid, falling blocks and unavailable harvest tools (539.064383ms)
[22:03:11] stop: Shutting down
✔ runtime exposes transit recovery only while tracked drops and clearance budget remain (197.249147ms)
✔ a prior direct-action movement policy cannot authorize starter clearance before dry rules return (40.148245ms)
✔ terminal pocket reconstruction opens a new standing cell when the only existing endpoint is the origin (17.492754ms)
✔ new pocket standing cells retain node and time budgets (6.285246ms)
✔ new pocket standing cells require both walking directions (6.224607ms)
✔ new pocket standing cells reject missing support, wet headroom and adjacent fluid (47.66023ms)
✔ new pocket cells reject unknown proximity geometry, invisible gates and unavailable tools (33.74955ms)
✔ new pocket cells stay near the same tracked item and reject two-edit pockets (24.950005ms)
✔ a new pickup standing cell can remove a feet obstruction without removing its support (10.124886ms)
✔ an existing valid pickup cell prevents needless new pocket excavation (9.868637ms)
✔ pre-existing pickup cells on manufactured solid support veto new pocket excavation (14.756166ms)
✔ completion contract parsing is whole-goal, bounded and conservative (3.201205ms)
✔ inventory completion sums real stacks and rejects missing, malformed, wrong or insufficient items (0.338932ms)
✔ partial building and pickup count as progress, attempts and generic changes do not (0.319973ms)
✔ dragon event evidence is limited to actual tool results and identified targets (0.175069ms)
✔ unfinished combat with actual attacks is not classified as a zero-progress failure (0.227927ms)
✔ portal blueprint is a supported closed 14-block frame with six empty interior cells (3.738851ms)
✔ eye triangulation recovers a stronghold estimate from two and three real directions (0.546138ms)
✔ eye triangulation refuses same-place, parallel, backward, and conflicting bearings (0.769458ms)
✔ bow solver reaches flat and elevated crystal targets and declines impossible shots (6.215023ms)
✔ portal detection rejects missing and reversed frames before consuming eyes (4.388406ms)
✔ End portal entry approaches a solid rim and refuses gaps, hazards, and obstructed headroom (0.664724ms)
✔ inventory readiness never claims game completion (0.890397ms)
✔ all exposed tool schemas are strict and require every declared property (0.293223ms)
✔ an aborted progression request has no game side effects (0.853182ms)
✔ cancelling while stepping off an End portal rim releases forward movement (1.728437ms)
✔ Java detection distinguishes supported Java from legacy or invalid output (2.559165ms)
✔ setup enforces localhost and preserves the existing world and user settings (22.131676ms)
✔ EULA gate rejects unattended unaccepted setup without writing acceptance (7.421117ms)
✔ download verifies content and leaves previous file intact on checksum mismatch (76.05235ms)
✔ property updates retain comments and unrelated keys (0.384578ms)
✔ Minecraft server process does not inherit the optional model API key (0.516424ms)
✔ pickup recovery identifies reachable headroom above a tracked drop (2.335625ms)
✔ pickup recovery never clears containers, ores or unknown materials (0.41218ms)
✔ pickup recovery refuses dangerous support, unseen blocks and support under the bot (0.386833ms)
✔ pickup recovery can clear a second overhead block needed for a return jump (0.189791ms)
✔ tracked drops in a tree canopy can clear leaves above a real log support (0.192214ms)
✔ tracked-drop recovery clears a visible supported leaf wall but not hazardous or lower support (0.29093ms)
✔ tree foliage scan continues after the first trunk ray misses an obstruction (0.715668ms)
✔ tree foliage scan rejects lower supports, fluid adjacency, falling blocks and unloaded neighbors (0.848485ms)
✔ tree foliage scan never extends reach or scans more than sixteen observed logs (0.319893ms)
✔ tree foliage scan can continue past an unsafe leaf to a different visible safe obstruction (0.304681ms)
✔ starter controller completes a multi-step job from empty inventory using fresh state (34.737771ms)
✔ reported action success cannot fake starter completion without actual inventory (10.739885ms)
✔ missing resources trigger bounded scouting instead of an endless collect retry (9.977418ms)
✔ two blocked collections trigger a different scouting action then resume gathering (21.767347ms)
✔ partial gathering counts only inventory and recovers observed drops (20.45762ms)
✔ stop waits for a late action to drain and requires explicit resume (22.370038ms)
✔ death, disconnect, dimension change and low food never certify completion (1.403697ms)
✔ held food is consumed before low-hunger work continues (17.362742ms)
✔ restart pauses an interrupted job and does not launch work automatically (19.065991ms)
✔ resume refuses a different connection (1.252743ms)
✔ different wood species cannot trap prerequisite crafting behind leftover planks (0.411639ms)
✔ starter and resume commands are explicit offline commands (1.56798ms)
✔ invalid saved starter jobs fail closed (0.14867ms)
✔ starter time budget cancels a pending action and never starts another (15.900043ms)
✔ recovery remembers unreachable resource coordinates across action retries (19.723689ms)
✔ blocked tree gathering can clear an observed leaf obstruction within a bounded budget (20.826224ms)
[22:03:10] stop: Shutting down
✔ runtime tree observation is not starved by ore and returns only a nearby leaf obstruction (296.037966ms)
✔ completion on the final allowed action is verified rather than lost to the step limit (2.152324ms)
✔ starter returns to a known table instead of requiring redundant wood (0.441032ms)
✔ drop recovery can clear a verified head block and then resume pickup (19.53878ms)
✔ explicit resume grants a new bounded step budget while preserving total progress (20.090847ms)
✔ starter gathers the kit stone before returning to a distant crafting table (0.502943ms)
[22:03:10] stop: Shutting down
✔ starter observes its crafting table even when generic inspection is full of ore (2.768875ms)
✔ starter gathers its initial wooden prerequisites in one bounded batch (0.301797ms)
[22:03:10] stop: Shutting down
✔ starter excludes known failed tree coordinates before the observation result cap (2.080557ms)
✔ verified terrain clearing retries nearby blocked resources without forgetting distant failures (22.715709ms)
[22:03:10] stop: Shutting down
✔ starter log observation and gathering share a bounded radius beyond the old 32-block fringe (25.775625ms)
✔ starter crafts from verified materials instead of chasing unnecessary leftover drops (17.556598ms)
✔ a shared planning budget limit does not blacklist an unplanned resource (20.670404ms)
✔ successful clearance cancels stale pickup when the tracked drops are already gone (21.022274ms)
✔ low air blocks new starter work and immediately interrupts an active action (1.212734ms)
✔ another entity air update cannot pause the starter or mask its own low air (1.015633ms)
✔ repeated blocked crafting executes its scouting recovery instead of spinning to the step cap (21.923107ms)
[22:03:11] stop: Shutting down
✔ starter distinguishes a nearby obstructed table from a visible usable table (43.623023ms)
✔ capitalized owner pronouns resolve locally without changing literal player names (1.68345ms)
✔ same-session resume recovers scoped drops after an inter-step pause and keeps its reason (9.423308ms)
✔ resume discards entity IDs after a new play session or process restoration (7.337333ms)
✔ low air during the inter-step sleep keeps the above-water safety instruction (0.968903ms)
[22:03:11] stop: Shutting down
✔ tree observation sorts a bounded wider sample before selecting its sixteen local logs (3.597146ms)
✔ dashboard enforces host, origin and token while allowing stop during a long command (68.469125ms)
ℹ tests 254
ℹ suites 0
ℹ pass 254
ℹ fail 0
ℹ cancelled 0
ℹ skipped 0
ℹ todo 0
ℹ duration_ms 16551.981126
